TypeError: Cannot read property 'useContext' of null
    at Object.exports.useContext (/home/m/superblog/node_modules/react/cjs/react.production.min.js:24:118)
    at Head (/home/m/superblog/node_modules/next/dist/shared/lib/head.js:176:34)
    at Hc (/usr/local/lib/node_modules/react-dom/cjs/react-dom-server.browser.production.min.js:64:191)
    at Kc (/usr/local/lib/node_modules/react-dom/cjs/react-dom-server.browser.production.min.js:66:253)
    at Z (/usr/local/lib/node_modules/react-dom/cjs/react-dom-server.browser.production.min.js:71:89)
    at Lc (/usr/local/lib/node_modules/react-dom/cjs/react-dom-server.browser.production.min.js:73:98)
    at Nc (/usr/local/lib/node_modules/react-dom/cjs/react-dom-server.browser.production.min.js:72:306)
    at Z (/usr/local/lib/node_modules/react-dom/cjs/react-dom-server.browser.production.min.js:71:217)
    at Lc (/usr/local/lib/node_modules/react-dom/cjs/react-dom-server.browser.production.min.js:73:98)
    at Kc (/usr/local/lib/node_modules/react-dom/cjs/react-dom-server.browser.production.min.js:67:131)

Error occurred prerendering page "/posts/1". Read more: https://nextjs.org/docs/messages/prerender-error
TypeError: Cannot read property 'useContext' of null
    at Object.exports.useContext (/home/m/superblog/node_modules/react/cjs/react.production.min.js:24:118)
    at Head (/home/m/superblog/node_modules/next/dist/shared/lib/head.js:176:34)
    at Hc (/usr/local/lib/node_modules/react-dom/cjs/react-dom-server.browser.production.min.js:64:191)
    at Kc (/usr/local/lib/node_modules/react-dom/cjs/react-dom-server.browser.production.min.js:66:253)
    at Z (/usr/local/lib/node_modules/react-dom/cjs/react-dom-server.browser.production.min.js:71:89)
    at Lc (/usr/local/lib/node_modules/react-dom/cjs/react-dom-server.browser.production.min.js:73:98)
    at Nc (/usr/local/lib/node_modules/react-dom/cjs/react-dom-server.browser.production.min.js:72:306)
    at Z (/usr/local/lib/node_modules/react-dom/cjs/react-dom-server.browser.production.min.js:71:217)
    at Lc (/usr/local/lib/node_modules/react-dom/cjs/react-dom-server.browser.production.min.js:73:98)
    at Kc (/usr/local/lib/node_modules/react-dom/cjs/react-dom-server.browser.production.min.js:67:131)
TypeError: Cannot read property 'useContext' of null
    at Object.exports.useContext (/home/m/superblog/node_modules/react/cjs/react.production.min.js:24:118)
    at Head (/home/m/superblog/node_modules/next/dist/shared/lib/head.js:176:34)
    at Hc (/usr/local/lib/node_modules/react-dom/cjs/react-dom-server.browser.production.min.js:64:191)
    at Kc (/usr/local/lib/node_modules/react-dom/cjs/react-dom-server.browser.production.min.js:66:253)
    at Z (/usr/local/lib/node_modules/react-dom/cjs/react-dom-server.browser.production.min.js:71:89)
    at Lc (/usr/local/lib/node_modules/react-dom/cjs/react-dom-server.browser.production.min.js:73:98)
    at Nc (/usr/local/lib/node_modules/react-dom/cjs/react-dom-server.browser.production.min.js:72:306)
    at Z (/usr/local/lib/node_modules/react-dom/cjs/react-dom-server.browser.production.min.js:71:217)
    at Lc (/usr/local/lib/node_modules/react-dom/cjs/react-dom-server.browser.production.min.js:73:98)
    at Kc (/usr/local/lib/node_modules/react-dom/cjs/react-dom-server.browser.production.min.js:67:131)

Error occurred prerendering page "/404". Read more: https://nextjs.org/docs/messages/prerender-error
TypeError: Cannot read property 'useContext' of null
    at Object.exports.useContext (/home/m/superblog/node_modules/react/cjs/react.production.min.js:24:118)
    at Head (/home/m/superblog/node_modules/next/dist/shared/lib/head.js:176:34)
    at Hc (/usr/local/lib/node_modules/react-dom/cjs/react-dom-server.browser.production.min.js:64:191)
    at Kc (/usr/local/lib/node_modules/react-dom/cjs/react-dom-server.browser.production.min.js:66:253)
    at Z (/usr/local/lib/node_modules/react-dom/cjs/react-dom-server.browser.production.min.js:71:89)
    at Lc (/usr/local/lib/node_modules/react-dom/cjs/react-dom-server.browser.production.min.js:73:98)
    at Nc (/usr/local/lib/node_modules/react-dom/cjs/react-dom-server.browser.production.min.js:72:306)
    at Z (/usr/local/lib/node_modules/react-dom/cjs/react-dom-server.browser.production.min.js:71:217)
    at Lc (/usr/local/lib/node_modules/react-dom/cjs/react-dom-server.browser.production.min.js:73:98)
    at Kc (/usr/local/lib/node_modules/react-dom/cjs/react-dom-server.browser.production.min.js:67:131)
TypeError: Cannot read property 'useContext' of null
    at Object.exports.useContext (/home/m/superblog/node_modules/react/cjs/react.production.min.js:24:118)
    at Head (/home/m/superblog/node_modules/next/dist/shared/lib/head.js:176:34)
    at Hc (/usr/local/lib/node_modules/react-dom/cjs/react-dom-server.browser.production.min.js:64:191)
    at Kc (/usr/local/lib/node_modules/react-dom/cjs/react-dom-server.browser.production.min.js:66:253)
    at Z (/usr/local/lib/node_modules/react-dom/cjs/react-dom-server.browser.production.min.js:71:89)
    at Lc (/usr/local/lib/node_modules/react-dom/cjs/react-dom-server.browser.production.min.js:73:98)
    at Nc (/usr/local/lib/node_modules/react-dom/cjs/react-dom-server.browser.production.min.js:72:306)
    at Z (/usr/local/lib/node_modules/react-dom/cjs/react-dom-server.browser.production.min.js:71:217)
    at Lc (/usr/local/lib/node_modules/react-dom/cjs/react-dom-server.browser.production.min.js:73:98)
    at Kc (/usr/local/lib/node_modules/react-dom/cjs/react-dom-server.browser.production.min.js:67:131)

Error occurred prerendering page "/500". Read more: https://nextjs.org/docs/messages/prerender-error
TypeError: Cannot read property 'useContext' of null
    at Object.exports.useContext (/home/m/superblog/node_modules/react/cjs/react.production.min.js:24:118)
    at Head (/home/m/superblog/node_modules/next/dist/shared/lib/head.js:176:34)
    at Hc (/usr/local/lib/node_modules/react-dom/cjs/react-dom-server.browser.production.min.js:64:191)
    at Kc (/usr/local/lib/node_modules/react-dom/cjs/react-dom-server.browser.production.min.js:66:253)
    at Z (/usr/local/lib/node_modules/react-dom/cjs/react-dom-server.browser.production.min.js:71:89)
    at Lc (/usr/local/lib/node_modules/react-dom/cjs/react-dom-server.browser.production.min.js:73:98)
    at Nc (/usr/local/lib/node_modules/react-dom/cjs/react-dom-server.browser.production.min.js:72:306)
    at Z (/usr/local/lib/node_modules/react-dom/cjs/react-dom-server.browser.production.min.js:71:217)
    at Lc (/usr/local/lib/node_modules/react-dom/cjs/react-dom-server.browser.production.min.js:73:98)
    at Kc (/usr/local/lib/node_modules/react-dom/cjs/react-dom-server.browser.production.min.js:67:131)
TypeError: Cannot read property 'useContext' of null
    at Object.exports.useContext (/home/m/superblog/node_modules/react/cjs/react.production.min.js:24:118)
    at Object.useRouter (/home/m/superblog/.next/server/chunks/606.js:598:27)
    at Link (/home/m/superblog/.next/server/chunks/606.js:61:34)
    at Hc (/usr/local/lib/node_modules/react-dom/cjs/react-dom-server.browser.production.min.js:64:191)
    at Kc (/usr/local/lib/node_modules/react-dom/cjs/react-dom-server.browser.production.min.js:66:253)
    at Z (/usr/local/lib/node_modules/react-dom/cjs/react-dom-server.browser.production.min.js:71:89)
    at Lc (/usr/local/lib/node_modules/react-dom/cjs/react-dom-server.browser.production.min.js:73:98)
    at Nc (/usr/local/lib/node_modules/react-dom/cjs/react-dom-server.browser.production.min.js:72:306)
    at Z (/usr/local/lib/node_modules/react-dom/cjs/react-dom-server.browser.production.min.js:71:217)
    at Kc (/usr/local/lib/node_modules/react-dom/cjs/react-dom-server.browser.production.min.js:67:438)

Error occurred prerendering page "/". Read more: https://nextjs.org/docs/messages/prerender-error
TypeError: Cannot read property 'useContext' of null
    at Object.exports.useContext (/home/m/superblog/node_modules/react/cjs/react.production.min.js:24:118)
    at Object.useRouter (/home/m/superblog/.next/server/chunks/606.js:598:27)
    at Link (/home/m/superblog/.next/server/chunks/606.js:61:34)
    at Hc (/usr/local/lib/node_modules/react-dom/cjs/react-dom-server.browser.production.min.js:64:191)
    at Kc (/usr/local/lib/node_modules/react-dom/cjs/react-dom-server.browser.production.min.js:66:253)
    at Z (/usr/local/lib/node_modules/react-dom/cjs/react-dom-server.browser.production.min.js:71:89)
    at Lc (/usr/local/lib/node_modules/react-dom/cjs/react-dom-server.browser.production.min.js:73:98)
    at Nc (/usr/local/lib/node_modules/react-dom/cjs/react-dom-server.browser.production.min.js:72:306)
    at Z (/usr/local/lib/node_modules/react-dom/cjs/react-dom-server.browser.production.min.js:71:217)
    at Kc (/usr/local/lib/node_modules/react-dom/cjs/react-dom-server.browser.production.min.js:67:438)
TypeError: Cannot read property 'useContext' of null
    at Object.exports.useContext (/home/m/superblog/node_modules/react/cjs/react.production.min.js:24:118)
    at Html (/home/m/superblog/.next/server/pages/_document.js:557:73)
    at Hc (/usr/local/lib/node_modules/react-dom/cjs/react-dom-server.browser.production.min.js:64:191)
    at Kc (/usr/local/lib/node_modules/react-dom/cjs/react-dom-server.browser.production.min.js:66:253)
    at Z (/usr/local/lib/node_modules/react-dom/cjs/react-dom-server.browser.production.min.js:71:89)
    at Ic (/usr/local/lib/node_modules/react-dom/cjs/react-dom-server.browser.production.min.js:65:309)
    at Kc (/usr/local/lib/node_modules/react-dom/cjs/react-dom-server.browser.production.min.js:66:210)
    at Z (/usr/local/lib/node_modules/react-dom/cjs/react-dom-server.browser.production.min.js:71:89)
    at Kc (/usr/local/lib/node_modules/react-dom/cjs/react-dom-server.browser.production.min.js:70:13)
    at Z (/usr/local/lib/node_modules/react-dom/cjs/react-dom-server.browser.production.min.js:71:89)

Error occurred prerendering page "/PostList". Read more: https://nextjs.org/docs/messages/prerender-error
TypeError: Cannot read property 'useContext' of null
    at Object.exports.useContext (/home/m/superblog/node_modules/react/cjs/react.production.min.js:24:118)
    at Html (/home/m/superblog/.next/server/pages/_document.js:557:73)
    at Hc (/usr/local/lib/node_modules/react-dom/cjs/react-dom-server.browser.production.min.js:64:191)
    at Kc (/usr/local/lib/node_modules/react-dom/cjs/react-dom-server.browser.production.min.js:66:253)
    at Z (/usr/local/lib/node_modules/react-dom/cjs/react-dom-server.browser.production.min.js:71:89)
    at Ic (/usr/local/lib/node_modules/react-dom/cjs/react-dom-server.browser.production.min.js:65:309)
    at Kc (/usr/local/lib/node_modules/react-dom/cjs/react-dom-server.browser.production.min.js:66:210)
    at Z (/usr/local/lib/node_modules/react-dom/cjs/react-dom-server.browser.production.min.js:71:89)
    at Kc (/usr/local/lib/node_modules/react-dom/cjs/react-dom-server.browser.production.min.js:70:13)
    at Z (/usr/local/lib/node_modules/react-dom/cjs/react-dom-server.browser.production.min.js:71:89)

> Build error occurred
Error: Export encountered errors on following paths:
	/
	/PostList
	/_error: /404
	/_error: /500
	/posts/1
    at /usr/local/lib/node_modules/next/dist/export/index.js:397:19
    at runMicrotasks (<anonymous>)
    at processTicksAndRejections (internal/process/task_queues.js:97:5)
    at async Span.traceAsyncFn (/usr/local/lib/node_modules/next/dist/trace/trace.js:79:20)
    at async /usr/local/lib/node_modules/next/dist/build/index.js:1010:17
    at async Span.traceAsyncFn (/usr/local/lib/node_modules/next/dist/trace/trace.js:79:20)
    at async /usr/local/lib/node_modules/next/dist/build/index.js:886:13
    at async Span.traceAsyncFn (/usr/local/lib/node_modules/next/dist/trace/trace.js:79:20)
    at async Object.build [as default] (/usr/local/lib/node_modules/next/dist/build/index.js:55:25)
